b2/fold0/development/gnn_activity gnn lr001_wd0001 701 lambda 0.0 best 59 updates 74 score 0.632116
b2/fold0/final/gnn_activity gnn lr001_wd0001 1103 lambda 0.0 best 42 updates 57 score 0.633355
b2/fold0/final/gnn_activity gnn lr001_wd0001 2207 lambda 0.0 best 79 updates 80 score 0.616652
b2/fold0/final/gnn_activity gnn lr001_wd0001 3301 lambda 0.0 best 32 updates 47 score 0.697875
b2/fold0/development/gnn_pair gnn lr001_wd0001 701 lambda 1.0 best 26 updates 41 score 0.647181
b2/fold0/development/gnn_pair gnn lr001_wd0001 701 lambda 10.0 best 35 updates 50 score 0.669095
b2/fold0/final/gnn_pair gnn lr001_wd0001 1103 lambda 1.0 best 32 updates 47 score 0.65019
b2/fold0/final/gnn_pair gnn lr001_wd0001 2207 lambda 1.0 best 20 updates 35 score 0.634244
b2/fold0/final/gnn_pair gnn lr001_wd0001 3301 lambda 1.0 best 24 updates 39 score 0.696286
b2/fold0/development/nongraph_pair nongraph lr001_wd0001 701 lambda 1.0 best 32 updates 47 score 0.666594
b2/fold0/development/nongraph_pair nongraph lr001_wd0001 701 lambda 10.0 best 42 updates 57 score 0.65545
b2/fold0/final/nongraph_pair nongraph lr001_wd0001 1103 lambda 10.0 best 20 updates 35 score 0.651085
b2/fold0/final/nongraph_pair nongraph lr001_wd0001 2207 lambda 10.0 best 17 updates 32 score 0.655036
b2/fold0/final/nongraph_pair nongraph lr001_wd0001 3301 lambda 10.0 best 10 updates 25 score 0.737693
b2/fold1/development/gnn_activity gnn lr001_wd0001 701 lambda 0.0 best 77 updates 80 score 0.216805
b2/fold1/final/gnn_activity gnn lr001_wd0001 1103 lambda 0.0 best 54 updates 69 score 0.262343
b2/fold1/final/gnn_activity gnn lr001_wd0001 2207 lambda 0.0 best 54 updates 69 score 0.22608
b2/fold1/final/gnn_activity gnn lr001_wd0001 3301 lambda 0.0 best 47 updates 62 score 0.249795
b2/fold1/development/gnn_pair gnn lr001_wd0001 701 lambda 1.0 best 58 updates 73 score 0.213998
b2/fold1/development/gnn_pair gnn lr001_wd0001 701 lambda 10.0 best 50 updates 65 score 0.20864
b2/fold1/final/gnn_pair gnn lr001_wd0001 1103 lambda 10.0 best 7 updates 22 score 0.27722
b2/fold1/final/gnn_pair gnn lr001_wd0001 2207 lambda 10.0 best 44 updates 59 score 0.210412
b2/fold1/final/gnn_pair gnn lr001_wd0001 3301 lambda 10.0 best 52 updates 67 score 0.232823
b2/fold1/development/nongraph_pair nongraph lr001_wd0001 701 lambda 1.0 best 77 updates 80 score 0.229126
b2/fold1/development/nongraph_pair nongraph lr001_wd0001 701 lambda 10.0 best 39 updates 54 score 0.226606
b2/fold1/final/nongraph_pair nongraph lr001_wd0001 1103 lambda 10.0 best 6 updates 21 score 0.283302
b2/fold1/final/nongraph_pair nongraph lr001_wd0001 2207 lambda 10.0 best 38 updates 53 score 0.211736
b2/fold1/final/nongraph_pair nongraph lr001_wd0001 3301 lambda 10.0 best 47 updates 62 score 0.228081
b2/fold2/development/gnn_activity gnn lr001_wd0001 701 lambda 0.0 best 48 updates 63 score 0.248849
b2/fold2/final/gnn_activity gnn lr001_wd0001 1103 lambda 0.0 best 51 updates 66 score 0.273222
b2/fold2/final/gnn_activity gnn lr001_wd0001 2207 lambda 0.0 best 21 updates 36 score 0.261682
b2/fold2/final/gnn_activity gnn lr001_wd0001 3301 lambda 0.0 best 35 updates 50 score 0.271315
b2/fold2/development/gnn_pair gnn lr001_wd0001 701 lambda 1.0 best 17 updates 32 score 0.253528
b2/fold2/development/gnn_pair gnn lr001_wd0001 701 lambda 10.0 best 17 updates 32 score 0.272126
b2/fold2/final/gnn_pair gnn lr001_wd0001 1103 lambda 1.0 best 12 updates 27 score 0.279096
b2/fold2/final/gnn_pair gnn lr001_wd0001 2207 lambda 1.0 best 20 updates 35 score 0.247287
b2/fold2/final/gnn_pair gnn lr001_wd0001 3301 lambda 1.0 best 40 updates 55 score 0.255646
b2/fold2/development/nongraph_pair nongraph lr001_wd0001 701 lambda 1.0 best 46 updates 61 score 0.231647
b2/fold2/development/nongraph_pair nongraph lr001_wd0001 701 lambda 10.0 best 29 updates 44 score 0.257023
b2/fold2/final/nongraph_pair nongraph lr001_wd0001 1103 lambda 1.0 best 12 updates 27 score 0.280592
b2/fold2/final/nongraph_pair nongraph lr001_wd0001 2207 lambda 1.0 best 28 updates 43 score 0.263102
b2/fold2/final/nongraph_pair nongraph lr001_wd0001 3301 lambda 1.0 best 16 updates 31 score 0.273673
b2/fold3/development/gnn_activity gnn lr001_wd0001 701 lambda 0.0 best 34 updates 49 score 1.046117
b2/fold3/final/gnn_activity gnn lr001_wd0001 1103 lambda 0.0 best 49 updates 64 score 1.010557
b2/fold3/final/gnn_activity gnn lr001_wd0001 2207 lambda 0.0 best 29 updates 44 score 1.011373
b2/fold3/final/gnn_activity gnn lr001_wd0001 3301 lambda 0.0 best 33 updates 48 score 1.077043
b2/fold3/development/gnn_pair gnn lr001_wd0001 701 lambda 1.0 best 13 updates 28 score 1.046167
b2/fold3/development/gnn_pair gnn lr001_wd0001 701 lambda 10.0 best 8 updates 23 score 1.044365
b2/fold3/final/gnn_pair gnn lr001_wd0001 1103 lambda 10.0 best 20 updates 35 score 1.036461
b2/fold3/final/gnn_pair gnn lr001_wd0001 2207 lambda 10.0 best 25 updates 40 score 1.032053
b2/fold3/final/gnn_pair gnn lr001_wd0001 3301 lambda 10.0 best 11 updates 26 score 1.074462
b2/fold3/development/nongraph_pair nongraph lr001_wd0001 701 lambda 1.0 best 13 updates 28 score 1.034441
b2/fold3/development/nongraph_pair nongraph lr001_wd0001 701 lambda 10.0 best 7 updates 22 score 1.030992
b2/fold3/final/nongraph_pair nongraph lr001_wd0001 1103 lambda 10.0 best 25 updates 40 score 1.037343
b2/fold3/final/nongraph_pair nongraph lr001_wd0001 2207 lambda 10.0 best 4 updates 19 score 1.057301
b2/fold3/final/nongraph_pair nongraph lr001_wd0001 3301 lambda 10.0 best 6 updates 21 score 1.068418
