factorial/final/R1C1 gnn lr001_wd0001 3301 lambda 0.0 best 16 updates 651 score 0.065701
factorial/development/R1C1 chemistry_tree leaf2 701 lambda 0.0 best 0 updates 0 score 0.077739
factorial/development/R1C1 chemistry_tree leaf8 701 lambda 0.0 best 0 updates 0 score 0.071784
factorial/final/R1C1 chemistry_tree leaf8 1103 lambda 0.0 best 0 updates 0 score 0.068291
factorial/final/R1C1 chemistry_tree leaf8 2207 lambda 0.0 best 0 updates 0 score 0.073787
factorial/final/R1C1 chemistry_tree leaf8 3301 lambda 0.0 best 0 updates 0 score 0.071813
factorial/development/R1C1 token_cnn lr001_wd0001 701 lambda 0.0 best 11 updates 546 score 0.058713
factorial/development/R1C1 token_cnn lr003_wd01 701 lambda 0.0 best 8 updates 483 score 0.056482
factorial/final/R1C1 token_cnn lr003_wd01 1103 lambda 0.0 best 10 updates 525 score 0.066955
factorial/final/R1C1 token_cnn lr003_wd01 2207 lambda 0.0 best 2 updates 357 score 0.068899
factorial/final/R1C1 token_cnn lr003_wd01 3301 lambda 0.0 best 13 updates 588 score 0.057668
factorial/development/R1C1 nongraph lr001_wd0001 701 lambda 0.0 best 6 updates 441 score 0.054255
factorial/development/R1C1 nongraph lr003_wd01 701 lambda 0.0 best 6 updates 441 score 0.049799
factorial/final/R1C1 nongraph lr003_wd01 1103 lambda 0.0 best 1 updates 336 score 0.056742
factorial/final/R1C1 nongraph lr003_wd01 2207 lambda 0.0 best 2 updates 357 score 0.066775
factorial/final/R1C1 nongraph lr003_wd01 3301 lambda 0.0 best 2 updates 357 score 0.047839
factorial/development/R1C1 gnn_no_chemistry lr001_wd0001 701 lambda 0.0 best 8 updates 483 score 0.053911
factorial/development/R1C1 gnn_no_chemistry lr003_wd01 701 lambda 0.0 best 8 updates 483 score 0.04942
factorial/final/R1C1 gnn_no_chemistry lr003_wd01 1103 lambda 0.0 best 7 updates 462 score 0.058253
factorial/final/R1C1 gnn_no_chemistry lr003_wd01 2207 lambda 0.0 best 7 updates 462 score 0.059752
factorial/final/R1C1 gnn_no_chemistry lr003_wd01 3301 lambda 0.0 best 7 updates 462 score 0.052726
factorial/development/R1C1 context_ridge alpha1 701 lambda 0.0 best 0 updates 0 score 0.081788
factorial/final/R1C1 context_ridge alpha1 1103 lambda 0.0 best 0 updates 0 score 0.081788
