grouped/fold0/development gnn lr001_wd0001 701 lambda 0.0 best 2 updates 136 score 0.05119
grouped/fold0/development gnn lr003_wd01 701 lambda 0.0 best 4 updates 152 score 0.053473
grouped/fold0/final gnn lr001_wd0001 1103 lambda 0.0 best 1 updates 128 score 0.056623
grouped/fold0/final gnn lr001_wd0001 2207 lambda 0.0 best 3 updates 144 score 0.052807
grouped/fold0/final gnn lr001_wd0001 3301 lambda 0.0 best 4 updates 152 score 0.051752
grouped/fold0/development chemistry_tree leaf2 701 lambda 0.0 best 0 updates 0 score 0.0539
grouped/fold0/development chemistry_tree leaf8 701 lambda 0.0 best 0 updates 0 score 0.053785
grouped/fold0/final chemistry_tree leaf8 1103 lambda 0.0 best 0 updates 0 score 0.055219
grouped/fold0/final chemistry_tree leaf8 2207 lambda 0.0 best 0 updates 0 score 0.055105
grouped/fold0/final chemistry_tree leaf8 3301 lambda 0.0 best 0 updates 0 score 0.053614
grouped/fold0/development token_cnn lr001_wd0001 701 lambda 0.0 best 5 updates 160 score 0.050586
grouped/fold0/development token_cnn lr003_wd01 701 lambda 0.0 best 2 updates 136 score 0.050721
grouped/fold0/final token_cnn lr001_wd0001 1103 lambda 0.0 best 7 updates 176 score 0.049476
grouped/fold0/final token_cnn lr001_wd0001 2207 lambda 0.0 best 5 updates 160 score 0.04971
grouped/fold0/final token_cnn lr001_wd0001 3301 lambda 0.0 best 7 updates 176 score 0.047668
grouped/fold0/development nongraph lr001_wd0001 701 lambda 0.0 best 2 updates 136 score 0.050976
grouped/fold0/development nongraph lr003_wd01 701 lambda 0.0 best 3 updates 144 score 0.05338
grouped/fold0/final nongraph lr001_wd0001 1103 lambda 0.0 best 1 updates 128 score 0.054586
grouped/fold0/final nongraph lr001_wd0001 2207 lambda 0.0 best 3 updates 144 score 0.051873
grouped/fold0/final nongraph lr001_wd0001 3301 lambda 0.0 best 2 updates 136 score 0.050554
grouped/fold1/development gnn lr001_wd0001 701 lambda 0.0 best 12 updates 486 score 0.055754
grouped/fold1/development gnn lr003_wd01 701 lambda 0.0 best 12 updates 486 score 0.056412
grouped/fold1/final gnn lr001_wd0001 1103 lambda 0.0 best 3 updates 324 score 0.060416
grouped/fold1/final gnn lr001_wd0001 2207 lambda 0.0 best 22 updates 666 score 0.055843
grouped/fold1/final gnn lr001_wd0001 3301 lambda 0.0 best 2 updates 306 score 0.060525
grouped/fold1/development chemistry_tree leaf2 701 lambda 0.0 best 0 updates 0 score 0.061505
grouped/fold1/development chemistry_tree leaf8 701 lambda 0.0 best 0 updates 0 score 0.061527
grouped/fold1/final chemistry_tree leaf2 1103 lambda 0.0 best 0 updates 0 score 0.063759
grouped/fold1/final chemistry_tree leaf2 2207 lambda 0.0 best 0 updates 0 score 0.063071
grouped/fold1/final chemistry_tree leaf2 3301 lambda 0.0 best 0 updates 0 score 0.063404
grouped/fold1/development token_cnn lr001_wd0001 701 lambda 0.0 best 22 updates 666 score 0.060031
grouped/fold1/development token_cnn lr003_wd01 701 lambda 0.0 best 19 updates 612 score 0.056935
grouped/fold1/final token_cnn lr003_wd01 1103 lambda 0.0 best 10 updates 450 score 0.056148
grouped/fold1/final token_cnn lr003_wd01 2207 lambda 0.0 best 11 updates 468 score 0.057695
grouped/fold1/final token_cnn lr003_wd01 3301 lambda 0.0 best 19 updates 612 score 0.057623
grouped/fold1/development nongraph lr001_wd0001 701 lambda 0.0 best 32 updates 846 score 0.055008
grouped/fold1/development nongraph lr003_wd01 701 lambda 0.0 best 11 updates 468 score 0.056029
grouped/fold1/final nongraph lr001_wd0001 1103 lambda 0.0 best 14 updates 522 score 0.059211
grouped/fold1/final nongraph lr001_wd0001 2207 lambda 0.0 best 14 updates 522 score 0.055714
grouped/fold1/final nongraph lr001_wd0001 3301 lambda 0.0 best 4 updates 342 score 0.060309
grouped/fold2/development gnn lr001_wd0001 701 lambda 0.0 best 7 updates 374 score 0.064283
grouped/fold2/development gnn lr003_wd01 701 lambda 0.0 best 3 updates 306 score 0.064636
grouped/fold2/final gnn lr001_wd0001 1103 lambda 0.0 best 5 updates 340 score 0.065054
grouped/fold2/final gnn lr001_wd0001 2207 lambda 0.0 best 4 updates 323 score 0.067301
grouped/fold2/final gnn lr001_wd0001 3301 lambda 0.0 best 2 updates 289 score 0.060633
grouped/fold2/development chemistry_tree leaf2 701 lambda 0.0 best 0 updates 0 score 0.068375
grouped/fold2/development chemistry_tree leaf8 701 lambda 0.0 best 0 updates 0 score 0.068007
grouped/fold2/final chemistry_tree leaf8 1103 lambda 0.0 best 0 updates 0 score 0.069121
grouped/fold2/final chemistry_tree leaf8 2207 lambda 0.0 best 0 updates 0 score 0.071317
grouped/fold2/final chemistry_tree leaf8 3301 lambda 0.0 best 0 updates 0 score 0.068069
grouped/fold2/development token_cnn lr001_wd0001 701 lambda 0.0 best 8 updates 391 score 0.064247
grouped/fold2/development token_cnn lr003_wd01 701 lambda 0.0 best 13 updates 476 score 0.06406
grouped/fold2/final token_cnn lr003_wd01 1103 lambda 0.0 best 6 updates 357 score 0.063522
grouped/fold2/final token_cnn lr003_wd01 2207 lambda 0.0 best 5 updates 340 score 0.064367
grouped/fold2/final token_cnn lr003_wd01 3301 lambda 0.0 best 15 updates 510 score 0.061797
grouped/fold2/development nongraph lr001_wd0001 701 lambda 0.0 best 7 updates 374 score 0.065575
grouped/fold2/development nongraph lr003_wd01 701 lambda 0.0 best 7 updates 374 score 0.065787
grouped/fold2/final nongraph lr001_wd0001 1103 lambda 0.0 best 13 updates 476 score 0.064415
grouped/fold2/final nongraph lr001_wd0001 2207 lambda 0.0 best 5 updates 340 score 0.066045
grouped/fold2/final nongraph lr001_wd0001 3301 lambda 0.0 best 2 updates 289 score 0.061536
grouped/fold3/development gnn lr001_wd0001 701 lambda 0.0 best 1 updates 112 score 0.064051
grouped/fold3/development gnn lr003_wd01 701 lambda 0.0 best 5 updates 140 score 0.065771
grouped/fold3/final gnn lr001_wd0001 1103 lambda 0.0 best 4 updates 133 score 0.0713
grouped/fold3/final gnn lr001_wd0001 2207 lambda 0.0 best 1 updates 112 score 0.063527
grouped/fold3/final gnn lr001_wd0001 3301 lambda 0.0 best 5 updates 140 score 0.07622
grouped/fold3/development chemistry_tree leaf2 701 lambda 0.0 best 0 updates 0 score 0.079784
grouped/fold3/development chemistry_tree leaf8 701 lambda 0.0 best 0 updates 0 score 0.084217
grouped/fold3/final chemistry_tree leaf2 1103 lambda 0.0 best 0 updates 0 score 0.079999
grouped/fold3/final chemistry_tree leaf2 2207 lambda 0.0 best 0 updates 0 score 0.080397
grouped/fold3/final chemistry_tree leaf2 3301 lambda 0.0 best 0 updates 0 score 0.081289
grouped/fold3/development token_cnn lr001_wd0001 701 lambda 0.0 best 33 updates 336 score 0.075267
grouped/fold3/development token_cnn lr003_wd01 701 lambda 0.0 best 10 updates 175 score 0.078027
grouped/fold3/final token_cnn lr001_wd0001 1103 lambda 0.0 best 5 updates 140 score 0.078173
grouped/fold3/final token_cnn lr001_wd0001 2207 lambda 0.0 best 10 updates 175 score 0.07002
grouped/fold3/final token_cnn lr001_wd0001 3301 lambda 0.0 best 23 updates 266 score 0.079996
grouped/fold3/development nongraph lr001_wd0001 701 lambda 0.0 best 1 updates 112 score 0.064382
grouped/fold3/development nongraph lr003_wd01 701 lambda 0.0 best 1 updates 112 score 0.0646
grouped/fold3/final nongraph lr001_wd0001 1103 lambda 0.0 best 4 updates 133 score 0.072512
grouped/fold3/final nongraph lr001_wd0001 2207 lambda 0.0 best 1 updates 112 score 0.065724
grouped/fold3/final nongraph lr001_wd0001 3301 lambda 0.0 best 5 updates 140 score 0.069122
grouped/fold4/development gnn lr001_wd0001 701 lambda 0.0 best 5 updates 140 score 0.067782
grouped/fold4/development gnn lr003_wd01 701 lambda 0.0 best 7 updates 154 score 0.065689
grouped/fold4/final gnn lr003_wd01 1103 lambda 0.0 best 4 updates 133 score 0.064014
grouped/fold4/final gnn lr003_wd01 2207 lambda 0.0 best 1 updates 112 score 0.066227
grouped/fold4/final gnn lr003_wd01 3301 lambda 0.0 best 5 updates 140 score 0.067325
grouped/fold4/development chemistry_tree leaf2 701 lambda 0.0 best 0 updates 0 score 0.069827
grouped/fold4/development chemistry_tree leaf8 701 lambda 0.0 best 0 updates 0 score 0.066425
grouped/fold4/final chemistry_tree leaf8 1103 lambda 0.0 best 0 updates 0 score 0.067153
grouped/fold4/final chemistry_tree leaf8 2207 lambda 0.0 best 0 updates 0 score 0.06723
grouped/fold4/final chemistry_tree leaf8 3301 lambda 0.0 best 0 updates 0 score 0.066345
grouped/fold4/development token_cnn lr001_wd0001 701 lambda 0.0 best 6 updates 147 score 0.067374
grouped/fold4/development token_cnn lr003_wd01 701 lambda 0.0 best 2 updates 119 score 0.068814
grouped/fold4/final token_cnn lr001_wd0001 1103 lambda 0.0 best 11 updates 182 score 0.065147
grouped/fold4/final token_cnn lr001_wd0001 2207 lambda 0.0 best 5 updates 140 score 0.070483
grouped/fold4/final token_cnn lr001_wd0001 3301 lambda 0.0 best 5 updates 140 score 0.068587
grouped/fold4/development nongraph lr001_wd0001 701 lambda 0.0 best 4 updates 133 score 0.067325
grouped/fold4/development nongraph lr003_wd01 701 lambda 0.0 best 6 updates 147 score 0.06698
grouped/fold4/final nongraph lr003_wd01 1103 lambda 0.0 best 11 updates 182 score 0.069055
grouped/fold4/final nongraph lr003_wd01 2207 lambda 0.0 best 2 updates 119 score 0.06695
grouped/fold4/final nongraph lr003_wd01 3301 lambda 0.0 best 1 updates 112 score 0.067994
deployment gnn lr001_wd0001 1103 lambda 0.0 best 5 updates 115 score 0.0
deployment gnn lr001_wd0001 2207 lambda 0.0 best 5 updates 115 score 0.0
deployment gnn lr001_wd0001 3301 lambda 0.0 best 5 updates 115 score 0.0
deployment chemistry_tree leaf2 1103 lambda 0.0 best 0 updates 0 score 0.0
deployment chemistry_tree leaf2 2207 lambda 0.0 best 0 updates 0 score 0.0
deployment chemistry_tree leaf2 3301 lambda 0.0 best 0 updates 0 score 0.0
deployment token_cnn lr001_wd0001 1103 lambda 0.0 best 8 updates 184 score 0.0
deployment token_cnn lr001_wd0001 2207 lambda 0.0 best 8 updates 184 score 0.0
deployment token_cnn lr001_wd0001 3301 lambda 0.0 best 8 updates 184 score 0.0
deployment nongraph lr001_wd0001 1103 lambda 0.0 best 4 updates 92 score 0.0
deployment nongraph lr001_wd0001 2207 lambda 0.0 best 4 updates 92 score 0.0
deployment nongraph lr001_wd0001 3301 lambda 0.0 best 4 updates 92 score 0.0
