PATENT US20220002724A1 {'patent': 'US20220002724A1', 'url': 'https://patents.google.com/patent/US20220002724A1/en', 'role': 'Related national publication used to recover machine-readable tables, never independent measurements.', 'status': 'acquired', 'sha256': '63d239bed99fc4388f1170f66f3187846d21398c43b5562ce7fa061a10bc5d06', 'tables': 125, 'text_bytes': 707408}
0 None 7 [['sense:'], ['5′\u2003n p -N a -(X\u2003X\u2003X) i -N b -Y\u2003Y\u2003Y-N b -(Z\u2003Z\u2003Z) j -N a - n q 3′'], ['']]
1 None 5 [['', 'sense:'], ['', '5′\u2003n p -N a -Y\u2003Y\u2003Y-N a - n q 3′'], ['', '']]
2 None 5 [['', 'sense:'], ['', '5′\u2003n p -N a -Y\u2003Y\u2003Y-N b -Z\u2003Z\u2003Z-N a - n q 3′'], ['', '']]
3 None 5 [['', 'sense:'], ['', '5′\u2003n p -N a -X\u2003X\u2003X-N b -Y\u2003Y\u2003Y-N a - n q 3′'], ['', '']]
4 None 5 [['sense:'], ['5′\u2003n p -N a -X\u2003X\u2003X-N b -Y\u2003Y\u2003Y-N b -ZZZ-N a - n q 3′'], ['']]
5 None 1 [['', '(III)']]
6 None 9 [['', '', 'sense:'], ['', '', '5′n p -N a -(X\u2003X\u2003X) i -N b -Y\u2003Y\u2003Y\u2003-N b -(Z\u2003Z\u2003Z) j -N a -'], ['', '']]
7 None 1 [['(III)']]
8 None 7 [['', 'sense:'], ['', '5′n p -N a -(X\u2003X\u2003X) i -N b -Y\u2003Y\u2003Y\u2003-N b -(Z\u2003Z\u2003Z) j -N a - n q 3′'], ['']]
9 None 1 [['(III)']]
10 None 7 [['', 'sense:'], ['', '5′n p -N a -(X\u2003X\u2003X) i -N b -Y\u2003Y\u2003Y\u2003-N b -(Z\u2003Z\u2003Z) j -N a - n q 3′'], ['']]
11 None 1 [['(III)']]
12 None 7 [['', 'sense:'], ['', '5′n p -N a -(X\u2003X\u2003X) i -N b -Y\u2003Y\u2003Y\u2003-N b -(Z\u2003Z\u2003Z) j -N a - n q 3′'], ['']]
13 None 1 [['', '(IIIa)']]
14 None 5 [['', '', 'sense:'], ['', '', '5′n p -N a -Y\u2003Y\u2003Y\u2003-\u2003N a - n q 3′'], ['', '']]
15 None 1 [['(I)']]
16 None 1 [['', '5′n p -N a -(X\u2003X\u2003X) i -N b -Y\u2003Y\u2003Y\u2003-N b -(Z\u2003Z\u2003Z) j -N a - n q 3′']]
17 None 1 [['', '(Ib)']]
18 None 2 [['', '', '5′n p -N a -YYY-N b -ZZZ-N a - n q 3′;'], ['', '']]
19 None 1 [['', '(Ic)']]
20 None 3 [['', '', '5′n p -N a -XXX-N b -YYY-N a - n q 3′;'], ['', '', 'or'], ['', '']]
21 None 1 [['', '(Id)']]
22 None 1 [['', '', '5′n p -N a -XXX-N b -YYY-N b -ZZZ-N a - n q 3′.']]
23 None 1 [['', '(Ia)']]
24 None 1 [['', '', '5′n p -N a -YYY-N a - n q 3′.']]
25 None 1 [['', '(II)']]
26 None 3 [['', '', '5′n q ′-N a ′-(Z′Z′Z′) k -N b ′-Y′Y′Y′-N b ′-(X′X′X′) l -'], ['', ''], ['', '', 'N′ a -n p ′3′']]
27 None 9 [['(IIb)'], ['5′n q ′-N a ′-Z′Z′Z′-N b ′-Y′Y′Y′-N a ′-n p ′3′;'], ['']]
28 None 1 [['', '(Ia)']]
29 None 1 [['', '', '5′n p ′-N a ′-Y′Y′Y′-N a ′-n q ′3′.']]
30 None 8 [['(III)'], ['sense:'], ['5′n p -N a -(X\u2003X\u2003X) i -N b -Y\u2003Y\u2003Y\u2003-N b -(Z\u2003Z\u2003Z) j -N a - n q 3′']]
31 None 1 [['', '(IIIa)']]
32 None 4 [['', '', '5′n p -N a -Y\u2003Y\u2003Y\u2003-N a - n q 3′'], ['', ''], ['', '', '3′n p ′-N a ′-Y′Y′Y′-N a ′n q ′5′']]
33 None 1 [['', '(IIIb)']]
34 None 4 [['', '', '5′n p -N a -Y\u2003Y\u2003Y\u2003-N b -Z\u2003Z\u2003Z-N a - n q 3′'], ['', ''], ['', '', '3′n p ′-N a ′-Y′Y′Y′-N b ′-Z′Z′Z′-N a ′n q ′5′']]
35 None 1 [['', '(IIIc)']]
36 None 4 [['', '', '5′n p -N a -X\u2003X\u2003X-N b -Y\u2003Y\u2003Y\u2003-N a - n q 3′'], ['', ''], ['', '', '3′n p ′-N a ′-X′X′X′-N b ′-Y′Y′Y′-N a ′-n q ′5′']]
37 None 1 [['', '(IIId)']]
38 None 3 [['', '', '5′n p -N a -X\u2003X\u2003X-N b -Y\u2003Y\u2003Y\u2003-N b -Z\u2003Z\u2003Z-N a - n q 3′'], ['', ''], ['', '', '3′n p ′-N a ′-X′X′X′-N b ′-Y′Y′Y′-N b ′-Z′Z′Z′-N a -n q ′5′']]
39 None 75 [[''], ['', '', 'cationic lipid/non-cationic'], ['', '', 'lipid/cholesterol/PEG-lipid']]
40 None 5 [['TABLE 1'], [''], ['Abbreviations of nucleotide monomers used in nucleic acid sequence representation.']]
41 None 49 [['Abbreviation', 'Nucleotide(s)'], [''], ['A', 'Adenosine-3′-phosphate']]
42 None 3 [['TABLE\u20032A'], [''], ['Human\u2003APP\u2003Modified\u2003Sequences']]
43 None 2 [['Duplex\u2003Name', 'Sense\u2003Sequence\u2003(5′\u2003to\u20033′)', 'SEQ\u2003ID\u2003NO', 'Antisense\u2003Sequence\u2003(5′\u2003to\u20033′)', 'SEQ\u2003ID\u2003NO', 'mRNA\u2003target\u2003sequence', 'SEQ\u2003ID\u20
44 None 548 [['AD-392699', 'gsasccc(Ahd)AfuUfAfAfguccuacuuuL96', '33', 'asAfsagua(Ggn)gacuuaAfuUfgggucsasc', '34', 'GUGACCCAAUUAAGUCCUACUUU', '35'], [''], ['AD-392700', 'uscsucc(Uhd)GfaUfUfAfuuuaucacauL96', '36', 'asUfsguga(Tgn)aaau
45 None 3 [['TABLE\u20032B'], [''], ['Human\u2003APP\u2003Modified\u2003Sequences,\u2003No\u2003“L96”\u2003Linker']]
46 None 2 [['Duplex\u2003Name', 'Sense\u2003Sequence\u2003(5′\u2003to\u20033′)', 'SEQ\u2003ID\u2003NO', 'Antisense\u2003Sequence\u2003(5′\u2003to\u20033′)', 'SEQ\u2003ID\u2003NO', 'mRNA\u2003target\u2003sequence', 'SEQ\u2003ID\u20
47 None 548 [['AD-392699', 'gsasccc(Ahd)AfuUfAfAfguccuacuuu', '33', 'asAfsagua(Ggn)gacuuaAfuUfgggucsasc', '34', 'GUGACCCAAUUAAGUCCUACUUU', '35'], [''], ['AD-392700', 'uscsucc(Uhd)GfaUfUfAfuuuaucacau', '36', 'asUfsguga(Tgn)aaauaaUfcA
48 None 4 [['TABLE\u20033'], [''], ['APP\u2003Unmodified\u2003Sequences,\u2003Human']]
49 None 2473 [['', '', '', '', 'Anti-', '', ''], ['', 'Sense', '', '', 'sense', '', ''], ['', 'Se-', '', 'Position', 'Se-', '', 'Position']]
50 None 6 [['TABLE 4'], [''], ['APP Single Dose Screen in Primary Cynomolgus Hepatocytes and Be(2)C']]
51 None 2 [['', 'Primary Cynomolgus', ''], ['', 'Hepatocytes', 'Be(2)C Cell Line']]
52 None 3 [['Duplex', '10 nM', '10 nM', '0.1 nM', '0.1 nM', '10 nM', '10 nM', '0.1 nM', '0.1 nM'], ['Name', 'Avg', 'SD', 'Avg', 'SD', 'Avg', 'SD', 'Avg', 'SD'], ['']]
53 None 275 [['AD-392853', '92', '5', '89.9', '1.5', '97', '2.5', '99.3', '8.8'], ['AD-392857', '86.7', '3.3', '98.9', '6.1', '85.1', '4.4', '103.8', '5.9'], ['AD-392851', '90.5', '1.5', '97.9', '10.1', '100.1', '4', '103.9', '7.8']
54 None 3 [['TABLE\u20035A'], [''], ['Mouse\u2003APP\u2003Modified\u2003Sequences']]
55 None 746 [['', '', '', 'Anti-', '', '', ''], ['', 'Sense', '', 'sense', '', '', ''], ['', 'Se-', '', 'Se-', '', 'mRNA', '']]
56 None 4 [['TABLE\u20035B'], [''], ['Mouse\u2003APP\u2003Modified\u2003Sequences,\u2003No\u2003“L96”\u2003Linker,']]
57 None 745 [['', '', '', 'Anti-', '', '', ''], ['', 'Sense', '', 'sense', '', '', ''], ['', 'Se-', '', 'Se-', '', '', '']]
58 None 3 [['TABLE\u20036'], [''], ['APP\u2003Unmodified\u2003Sequences,\u2003Mouse\u2003NM_001198823.1\u2003Targeting']]
59 None 188 [['', '', 'SEQ', '', '', 'SEQ', ''], ['Duplex', 'Sense', 'ID', 'Position\u2003in', 'Antisense', 'ID', 'Position\u2003in'], ['Name', 'Sequence\u2003(5′\u2003to\u20033′)', 'NO', 'NM_001198823.1', 'Sequence\u2003(5′\u2003to
60 None 5 [['TABLE 7'], [''], ['APP Single Dose Screen in Primary Mouse Hepatocytes and Neuro2A Cell Line']]
61 None 1 [['', 'Primary Mouse Hepatocytes', 'Neuro2A Cell Line']]
62 None 1 [['Duplex']]
63 None 3 [['', '10 nM', '10 nM', '0.1 nM', '0.1 nM', '10 nM', '10 nM', '0.1 nM', '0.1 nM'], ['Name', 'Avg', 'SD', 'Avg', 'SD', 'Avg', 'SD', 'Avg', 'SD'], ['']]
64 None 93 [['AD-397183', '4.2', '1.4', '37.3', '24.3', '7.94', '2.86', '52.66', '5.87'], ['AD-397175', '1.6', '0.7', '4.7', '1.3', '0.75', '0.32', '29.72', '6.47'], ['AD-397177', '1.3', '1.1', '3.9', '2.6', '0.4', '0.13', '18.06',
65 None 3 [['TABLE 8'], [''], ['hsAPP In Vivo Knockdown Screen Results (3 mg/kg, day 14, liver)']]
66 None 3 [['', '% message', ''], ['Treatment', 'remaining', 'stdev'], ['']]
67 None 17 [['PBS', '100.00', '15.77'], ['naïve (AAV-only)', '104.17', '1.89'], ['AD-392911', '53.75', '8.76']]
68 None 2 [[''], ['STUDY DESIGN']]
69 None 5 [['', '', '', '', '', 'Number', '', ''], ['', '', 'Dose Level', 'Dose', 'Dose', 'of', '', ''], ['', '', '(mg/animal', 'volume', 'Concentration', 'Animals', 'Necropsy', 'Necropsy']]
70 None 8 [['1', 'AD-454972', '72', '2.4', '30', '5', '3', '2'], ['2', 'AD-454973', '72', '2.4', '30', '5', '3', '2'], ['3', 'AD-454842', '72', '2.4', '30', '5', '3', '2']]
71 None 51 [['TABLE\u20039'], [''], ['', '', '', 'SEQ', '', 'SEQ']]
72 None 3 [['TABLE\u200310'], [''], ['Additional\u2003Human\u2003APP\u2003Modified\u2003Sequences']]
73 None 57 [['', 'Sense', 'SEQ', '', 'SEQ', '', 'SEQ'], ['Duplex', 'Sequence', 'ID', 'Antisense', 'ID', '', 'ID'], ['Name', '(5′\u2003to\u20033′)', 'NO', 'Sequence\u2003(5′\u2003to\u20033′)', 'NO', 'mRNA\u2003target\u2003sequence',
74 None 3 [['TABLE\u200311'], [''], ['Additional\u2003Human\u2003APP\u2003Unmodified\u2003Sequences;\u2003NM_000484.3\u2003and\u2003NM_201414.2\u2003Targeting']]
75 None 48 [['Duplex', 'Sense', 'SEQ', '', '', 'SEQ', '', ''], ['Name', 'Sequence', 'ID', 'Source\u2003Name', 'Antisense', 'ID', 'Source\u2003Name', 'Cross'], ['NO', '(5′\u2003to\u20033′)', 'NO', '(Range)', 'Sequence\u2003(5′\u2003
76 None 3 [['TABLE\u200312'], [''], ['Additional\u2003Human\u2003APP\u2003Modified\u2003Sequences.']]
77 None 203 [['', '', 'SEQ\u2003ID', '', 'SEQ\u2003ID'], ['Duplex\u2003Name', 'Sense\u2003Sequence\u2003(5′\u2003to\u20033′)', 'NO', 'Antisense\u2003Sequence\u2003(5′\u2003to\u20033′)', 'NO'], ['']]
78 None 3 [['TABLE\u200313'], [''], ['Additional\u2003Human\u2003APP\u2003Unmodified\u2003Sequences;\u2003XM_005548887.2\u2003and\u2003NM_001198823.1\u2003Targeting.']]
79 None 274 [['', '', 'SEQ', '', '', ''], ['Duplex', 'Sense', 'ID', 'Antisense', 'SEQ', ''], ['Name', 'Sequence\u2003(5′\u2003to\u20033′)', 'NO', 'Sequence\u2003(5′\u2003to\u20033′)', 'ID\u2003NO', 'Source\u2003Name']]
80 None 3 [['TABLE\u200314'], [''], ['Additional\u2003Human\u2003APP\u2003ModifiedSequences.']]
81 None 351 [['', '', '', 'SEQ', '', 'SEQ'], ['', 'Duplex', '', 'ID', '', 'ID'], ['Target', 'Name', 'Sense\u2003Sequence\u2003(5′\u2003to\u20033′)', 'NO', 'Antisense\u2003Sequence\u2003(5′\u2003to\u20033′)', 'NO']]
82 None 3 [['TABLE\u200315'], [''], ['Additional\u2003APP\u2003Unmodified\u2003Sequences.']]
83 None 330 [['Duplex', '', 'SEQ\u2003ID', '', 'SEQ\u2003ID'], ['Name', 'Sense\u2003Sequence\u2003(5′\u2003to\u20033′)', 'NO', 'Antisense\u2003Sequence\u2003(5′\u2003to\u20033′)', 'NO'], ['']]
84 None 3 [['TABLE\u200316A'], [''], ['Additional\u2003Human\u2003APP\u2003Modified\u2003Sense\u2003Sequences\u2003and\u2003Targets.']]
85 None 12 [['', '', '', 'SEQ', '', 'SEQ'], ['Duplex\u2003Name', 'target', 'Sense\u2003Sequence\u2003(5′\u2003to\u20033′)', 'ID\u2003NO', 'mRNA\u2003Target\u2003Sequence', 'ID\u2003NO'], ['']]
86 None 3 [['TABLE\u200316B'], [''], ['Additional\u2003Human\u2003APP\u2003Modified\u2003Antisense\u2003Sequences\u2003and\u2003Targets']]
87 None 12 [['', '', '', 'SEQ', '', 'SEQ'], ['Duplex\u2003Name', 'target', 'Antisense\u2003Sequence\u2003(5′\u2003to\u20033′)', 'ID\u2003NO', 'mRNA\u2003Target\u2003Sequence', 'ID\u2003NO'], ['']]
88 None 3 [['TABLE 17'], [''], ['APP Dose Screen Study in Be(2)C Cell Lines at 10 nM, 1 nM, and 0.1 nM']]
89 None 4 [['', 'Average', '', '', ''], ['', 'message', 'Standard', '', 'Dose'], ['Duplex', 'remaining (%)', 'Deviation', 'Dose', 'Unit']]
90 None 271 [['AD-738012.1', '12.47', '3.92', '10', 'nM'], ['AD-738013.1', '8.78', '1.74', '10', 'nM'], ['AD-738014.1', '10.27', '3.95', '10', 'nM']]
91 None 4 [['TABLE 18'], [''], ['APP Dose Screen Study in Neuro2A Cell Lines at']]
92 None 3 [['', '', 'Standard', '', ''], ['Duplex', 'Average', 'Deviation', 'Dose', 'Dose Unit'], ['']]
93 None 271 [['AD-738012.1', '0.11', '0.07', '10', 'nM'], ['AD-738013.1', '0.20', '0.06', '10', 'nM'], ['AD-738014.1', '1.12', '0.42', '10', 'nM']]
94 None 5 [['TABLE 19'], [''], ['Study Design']]
95 None 27 [['', 'Overview', 'In vitro rep', '646 APP NM_201414.2'], ['', '', 'Target', 'hsAPP'], ['', '', 'Goal', 'In vivo screen of sequences']]
96 None 5 [['TABLE\u200320A'], [''], ['hsAPP\u2003Duplex\u2003and\u2003Target\u2003Sequences\u2003for\u2003GNA7\u2003C16\u2003control\u2003and\u2003AU-rich\u2003Candidates.']]
97 None 105 [['', '', '', 'SEQ', '', 'SEQ'], ['Chemistry', 'Duplex', '', 'ID', '', 'ID'], ['(Target)', 'Name', 'Sense\u2003Sequence\u2003(5′\u2003to\u20033′)', 'NO', 'Antisense\u2003Sequence\u2003(5′\u2003to\u20033′)', 'NO']]
98 None 3 [['TABLE 21'], [''], ['Screening Groups for AU-rich Candidates in AAV Mice.']]
99 None 2 [['siRNA Date', 'Group #', 'Animal #', 'Treatment', 'Dose', 'Timepoint'], ['']]
100 None 49 [['8 Mar. 2019', '1', '1', 'PBS', 'N/A', 'D14'], ['8 Mar. 2019', '1', '2', 'PBS', 'N/A', 'D14'], ['8 Mar. 2019', '1', '3', 'PBS', 'N/A', 'D14']]
101 None 8 [['TABLE 22'], [''], ['Summary of Screening Results for AU-rich Candidates in AAV Mice.']]
102 None 2 [['Treatment', 'Group Average', 'Standard Deviation'], ['']]
103 None 15 [['PBS', '100.00', '30.90'], ['Naïve', '91.48', '6.43'], ['AD-507538.2', '24.23', '8.73']]
104 None 3 [['TABLE 23'], [''], ['Comparison of In Vivo vs. In Vitro hsAPP Knockdown.']]
105 None 1 [['', '', '', 'RLD 646 (in vitro)']]
106 None 1 [['', '', '', 'DL (dual-Luc)', 'Be(2)C (human neuron)']]
107 None 4 [['hsAPP %', 'RLD', '701', 'Dose —', 'Unit', 'Dose —', 'Unit', 'Dose —', 'Unit', 'Dose —', 'Unit'], ['remaining', 'In vivo', '3 mg/ kg', '10 nM', '10 nM', '0.1 nM', '0.1 nM', '10 nM', '10 nM', '0.1 nM', '0.1 nM'], ['Dupl
108 None 12 [['AD-507538', '24.2', '8.7', '22.5', '5.5', '106.2', '45.3', '16.6', '3.8', '23.3', '2.5'], ['AD-507724', '30.9', '2.9', '38.5', '9.2', '119.8', '24.6', '21.2', '1.9', '43.5', '9.6'], ['AD-507928', '36.3', '2.6', '10.6'
109 None 5 [['TABLE 25'], [''], ['Study Design']]
110 None 21 [['', 'AAV', 'Name', 'AAV8.HsAPP-CDS3TRNC'], ['', '', '', 'VCAV-04731'], ['', '', 'Dose', '2E+11']]
111 None 3 [['TABLE\u200326'], [''], ['hsAPP\u2003Duplex\u2003and\u2003Target\u2003Sequences\u2003for\u2003SAR\u2003Lead\u2003Candidates.']]
112 None 138 [['', '', '', 'SEQ', '', 'SEQ'], ['', '', '', 'ID', '', 'ID'], ['Duplex', 'Strand', 'Oligonucleotide\u2003Sequence', 'NO:', 'Target\u2003Sequence', 'NO:']]
113 None 4 [['TABLE 28'], [''], ['Summary of In Vivo Screening Results for Lead']]
114 None 1 [['', '3 mg/kg SC D14 liver qPCR', '']]
115 None 1 [['', '% message remaining']]
116 None 3 [['', '', 'Standard'], ['Treatment', 'Group Average', 'Deviation'], ['']]
117 None 25 [['PBS', '100.00', '15.26'], ['naïve (AAV-only)', '104.01', '16.49'], ['AD-886864 (parent)', '29.55', '0.93']]
118 None 4 [['TABLE 29'], [''], ['Summary of In Vitro Screening Results for Lead Candidates in']]
119 None 4 [['', '% of Message', '', '% of Message', ''], ['', 'Remaining -', 'STDEV -', 'Remaining -', 'STDEV -'], ['Duplex', '10 nM', '10 nM', '0.1 nM', '0.1 nM']]
120 None 23 [['AD-886823.1', '7.0', '5.4', '91.0', '25.7'], ['AD-886845.1', '13.3', '3.2', '67.4', '7.9'], ['AD-886839.2', '10.2', '7.7', '74.7', '39.5']]
121 None 3 [['TABLE\u200330'], [''], ['C16\u2003siRNA\u2003conjugates\u2003identified\u2003to\u2003knock\u2003down\u2003APP\u2003in\u2003in\u2003vivo\u2003NHP\u2003studies']]
122 None 34 [['', '', '', 'SEQ', '', 'SEQ'], ['', '', '', 'ID', '', 'ID'], ['Duplex', 'Strand', 'Oligonucleotide\u2003Sequence', 'NO:', 'Target\u2003Sequence', 'NO:']]
123 None 3 [['TABLE\u200331'], [''], ['Unmodified\u2003base\u2003transcripts\u2003used\u2003in\u2003the\u2003C16\u2003conjugates\u2003of\u2003Table\u200330']]
124 None 34 [['', '', '', '', 'SEQ'], ['', '', '', '', 'ID'], ['Duplex', 'Strand', 'Oligo\u2003name', 'Transcript\u2003Sequence', 'NO:']]
PATENT US20240117349A1 {'patent': 'US20240117349A1', 'url': 'https://patents.google.com/patent/US20240117349A1/en', 'role': 'Related national publication used to recover machine-readable tables, never independent measurements.', 'status': 'acquired', 'sha256': 'c1d92096379b5239cb8dc897ec142c3964abecd84cc8c3b021389f655e1af4db', 'tables': 16, 'text_bytes': 458411}
0 None 7 [['', ''], ['', '', 'cationic lipid/non-cationic'], ['', '', 'lipid/cholesterol/PEG-lipid']]
1 None 74 [['SNALP-1', '1,2-Dilinolenyloxy-N,N-', 'DLinDMA/DPPC/Cholesterol/PEG-'], ['', 'dimethylaminopropane (DLinDMA)', 'cDMA (57.1/7.1/34.4/1.4)'], ['', '', 'lipid:siRNA ~7:1']]
2 None 3 [['TABLE 1'], [''], ['Abbreviations of nucleotide monomers used in nucleic acid sequence representation.']]
3 None 129 [['Abbreviation', 'Nucleotide(s)'], [''], ['A', 'Adenosine-3′-phosphate']]
4 None 3 [['TABLE\u20032'], [''], ['Human\u2003APP\u2003Modified\u2003Sequences']]
5 None 80 [['', '', 'SEQ', '', 'SEQ', '', 'SEQ'], ['', '', 'ID', '', 'ID', '', 'ID'], ['Duplex\u2003Name', 'Modified\u2003Sense\u2003Sequence\u2003(5′\u2003to\u20033′)', 'NO:', 'Modified\u2003Antisense\u2003Sequence\u2003(5′\u2003
6 None 3 [['TABLE\u20033'], [''], ['APP\u2003Unmodified\u2003Sequences,\u2003Human\u2003NM_000484.3\u2003Targeting']]
7 None 81 [['', '', 'SEQ', '', '', 'SEQ', ''], ['Duplex', 'Unmodified\u2003Sense', 'ID', 'Position\u2003in', 'Unmodified\u2003Antisense', 'ID', 'Position\u2003in'], ['Name', 'Sequence\u2003(5′\u2003to\u20033′)', 'NO:', 'NM_000484.
8 None 3 [['TABLE\u20034'], [''], ['Human\u2003APP\u2003Modified\u2003Sequences\u2003(II)']]
9 None 111 [['', '', 'SEQ', '', 'SEQ', '', 'SEQ'], ['', 'Modified\u2003Sense', 'ID', 'Modified\u2003Antisense', 'ID', '', 'ID'], ['Duplex\u2003Name', 'Sequence\u2003(5′\u2003to\u20033′)', 'NO:', 'Sequence\u2003(5′\u2003to\u20033′)'
10 None 3 [['TABLE\u20035'], [''], ['APP\u2003Unmodified\u2003Sequences,\u2003Human\u2003NM_000484.4\u2003Targeting\u2003(II)']]
11 None 74 [['', '', 'SEQ', '', '', 'SEQ', ''], ['', 'Unmodified\u2003Sense', 'ID', 'Position\u2003in', 'Unmodified\u2003Antisense', 'ID', 'Position\u2003in'], ['Duplex\u2003Name', 'Sequence\u2003(5′\u2003to\u20033′)', 'NO:', 'NM_0
12 None 3 [['TABLE 6'], [''], ['Knock-Down of Endogenous APP in BE(2)-C cells.']]
13 None 1 [['', 'Position in', '10 nM duplex', '1.0 nM duplex', '0.1 nM duplex']]
14 None 3 [['', 'human', 'Avg %', '', 'Avg %', '', 'Avg %', ''], ['Duplex Name', 'NM_000484.4', 'mRNA', 'Std dev', 'mRNA', 'Std dev', 'mRNA', 'Std dev'], ['']]
15 None 36 [['AD-1443212.1', '207', '5', '1', '7', '2', '26', '5'], ['AD-1443230.1', '245', '66', '14', '58', '11', '85', '5'], ['AD-1443285.1', '300', '30', '5', '22', '7', '54', '4']]
