Traceback (most recent call last):
  File "/home/shadi/iclr2027/sirna_gnn_empirical/v1/profile.py", line 12, in <module>
    model=build('gnn',m,{'hidden':32}).to(device);initial={k:v.detach().clone() for k,v in model.state_dict().items()};opt=torch.optim.AdamW(model.parameters(),lr=.003,weight_decay=1e-4)
                                                                                                                           ~~~~~~~~~~~~~~~~~^^^^^^^^^^^^^^^^^^^^^^^^^^^^^^^^^^^^^^^^^^^^^^
  File "/home/shadi/.local/lib/python3.13/site-packages/torch/optim/adamw.py", line 36, in __init__
    super().__init__(
    ~~~~~~~~~~~~~~~~^
        params,
        ^^^^^^^
    ...<10 lines>...
        decoupled_weight_decay=True,
        ^^^^^^^^^^^^^^^^^^^^^^^^^^^^
    )
    ^
  File "/home/shadi/.local/lib/python3.13/site-packages/torch/optim/adam.py", line 102, in __init__
    super().__init__(params, defaults)
    ~~~~~~~~~~~~~~~~^^^^^^^^^^^^^^^^^^
  File "/home/shadi/.local/lib/python3.13/site-packages/torch/optim/optimizer.py", line 408, in __init__
    self.add_param_group(cast(dict, param_group))
    ~~~~~~~~~~~~~~~~~~~~^^^^^^^^^^^^^^^^^^^^^^^^^
  File "/home/shadi/.local/lib/python3.13/site-packages/torch/_compile.py", line 47, in inner
    import torch._dynamo
  File "/home/shadi/.local/lib/python3.13/site-packages/torch/_dynamo/__init__.py", line 13, in <module>
    from . import (
    ...<6 lines>...
    )
  File "/home/shadi/.local/lib/python3.13/site-packages/torch/_dynamo/aot_compile.py", line 15, in <module>
    from torch._dynamo.convert_frame import GraphRuntimeEnv
  File "/home/shadi/.local/lib/python3.13/site-packages/torch/_dynamo/convert_frame.py", line 28, in <module>
    import cProfile
  File "/opt/miniforge3/lib/python3.13/cProfile.py", line 12, in <module>
    import profile as _pyprofile
  File "/home/shadi/iclr2027/sirna_gnn_empirical/v1/profile.py", line 12, in <module>
    model=build('gnn',m,{'hidden':32}).to(device);initial={k:v.detach().clone() for k,v in model.state_dict().items()};opt=torch.optim.AdamW(model.parameters(),lr=.003,weight_decay=1e-4)
                                                                                                                           ~~~~~~~~~~~~~~~~~^^^^^^^^^^^^^^^^^^^^^^^^^^^^^^^^^^^^^^^^^^^^^^
  File "/home/shadi/.local/lib/python3.13/site-packages/torch/optim/adamw.py", line 36, in __init__
    super().__init__(
    ~~~~~~~~~~~~~~~~^
        params,
        ^^^^^^^
    ...<10 lines>...
        decoupled_weight_decay=True,
        ^^^^^^^^^^^^^^^^^^^^^^^^^^^^
    )
    ^
  File "/home/shadi/.local/lib/python3.13/site-packages/torch/optim/adam.py", line 102, in __init__
    super().__init__(params, defaults)
    ~~~~~~~~~~~~~~~~^^^^^^^^^^^^^^^^^^
  File "/home/shadi/.local/lib/python3.13/site-packages/torch/optim/optimizer.py", line 408, in __init__
    self.add_param_group(cast(dict, param_group))
    ~~~~~~~~~~~~~~~~~~~~^^^^^^^^^^^^^^^^^^^^^^^^^
  File "/home/shadi/.local/lib/python3.13/site-packages/torch/_compile.py", line 51, in inner
    disable_fn = torch._dynamo.disable(fn, recursive, wrapping=False)
                 ^^^^^^^^^^^^^^^^^^^^^
AttributeError: partially initialized module 'torch._dynamo' from '/home/shadi/.local/lib/python3.13/site-packages/torch/_dynamo/__init__.py' has no attribute 'disable' (most likely due to a circular import)
